// Jest Snapshot v1, https://goo.gl/fbAQLP

exports[`Index should renders without errors and warnings 1`] = `
<DocumentFragment>
  <header
    class="MuiPaper-root MuiPaper-elevation4 MuiAppBar-root MuiAppBar-positionFixed MuiAppBar-colorPrimary mui-fixed header"
    style="display: none;"
  >
    <div
      class="MuiToolbar-root MuiToolbar-regular header__toolbar"
    >
      <button
        class="MuiButtonBase-root MuiIconButton-root header__element header__menubutton"
        tabindex="0"
        type="button"
      >
        <span
          class="MuiIconButton-label"
        >
          <svg
            aria-hidden="true"
            class="MuiSvgIcon-root"
            focusable="false"
            role="presentation"
            viewBox="0 0 24 24"
          >
            <path
              d="M0 0h24v24H0z"
              fill="none"
            />
            <path
              d="M3 18h18v-2H3v2zm0-5h18v-2H3v2zm0-7v2h18V6H3z"
            />
          </svg>
        </span>
        <span
          class="MuiTouchRipple-root"
        />
      </button>
      <a
        aria-disabled="false"
        class="MuiButtonBase-root MuiIconButton-root header__element header__login"
        href="/login"
        role="button"
        tabindex="0"
      >
        <span
          class="MuiIconButton-label"
        >
          <svg
            aria-hidden="true"
            class="MuiSvgIcon-root"
            focusable="false"
            role="presentation"
            viewBox="0 0 24 24"
          >
            <path
              d="M0 0h24v24H0z"
              fill="none"
            />
            <path
              d="M10.09 15.59L11.5 17l5-5-5-5-1.41 1.41L12.67 11H3v2h9.67l-2.58 2.59zM19 3H5c-1.11 0-2 .9-2 2v4h2V5h14v14H5v-4H3v4c0 1.1.89 2 2 2h14c1.1 0 2-.9 2-2V5c0-1.1-.9-2-2-2z"
            />
          </svg>
        </span>
        <span
          class="MuiTouchRipple-root"
        />
      </a>
    </div>
  </header>
  <div
    class="PrivateSwipeArea-root-101 PrivateSwipeArea-anchorLeft-102"
    style="width: 20px; display: none;"
  />
  <div
    class="main page"
    style="display: none;"
  >
    <a
      aria-disabled="false"
      aria-label="Create scheme"
      class="MuiButtonBase-root MuiFab-root MuiFab-primary main__add-scheme"
      href="/editor"
      role="button"
      tabindex="0"
    >
      <span
        class="MuiFab-label"
      >
        <svg
          aria-hidden="true"
          class="MuiSvgIcon-root"
          focusable="false"
          role="presentation"
          viewBox="0 0 24 24"
        >
          <path
            d="M19 13h-6v6h-2v-6H5v-2h6V5h2v6h6v2z"
          />
          <path
            d="M0 0h24v24H0z"
            fill="none"
          />
        </svg>
      </span>
      <span
        class="MuiTouchRipple-root"
      />
    </a>
  </div>
  Loading...
</DocumentFragment>
`;
